// Jest Snapshot v1, https://goo.gl/fbAQLP

exports[`<EmailsView /> Should render and match the snapshot 1`] = `
<section
  aria-labelledby="emails-tab"
  class="TabWrapper-j2wsfb-0 beIMbY"
  id="emails-view"
>
  <div
    class="styledComponents__EmailsViewWrapper-zcwy7r-0 iHmmMF"
  >
    EmailsView
  </div>
</section>
`;
