// Jest Snapshot v1, https://goo.gl/fbAQLP

exports[`<SidebarView /> Should render and match the snapshot 1`] = `
<aside
  class="styledComponents__SidebarContainer-ilr151-1 bvmzBY"
>
  <div
    class="styledComponents__SidebarContentContainer-ilr151-2 mpHlw"
  >
    <div
      class="styledComponents__Gradient-ilr151-0 fqzrZo"
    />
    <section
      class="styledComponents__SidebarHeaderContainer-n9yhwx-4 iRJJuF"
    >
      <div
        class="styledComponents__IconContainer-n9yhwx-1 ddRivE"
      >
        <svg
          aria-hidden="true"
          class="MuiSvgIcon-root"
          focusable="false"
          style="height: 8rem; width: 8rem;"
          viewBox="0 0 64 64"
        >
          <g>
            <path
              d="m3 61a29 29 0 0 1 58 0z"
              fill="rgba(255, 191, 0, 0.5)"
            />
            <path
              d="m45.544 33.125a46.326 46.326 0 0 1 -4.15 2.568 27.055 27.055 0 0 1 17.533 23.307h-53.854a27.045 27.045 0 0 1 26.927-25 16.555 16.555 0 1 0 -12.512-5.778c2.374-.7 2.322-.755 4.381-1.248a12.483 12.483 0 1 1 8.131 3.026 31.045 31.045 0 0 0 -31 31v2h62v-2a31.03 31.03 0 0 0 -17.456-27.875z"
              fill="rgb(80, 103, 55)"
            />
          </g>
        </svg>
      </div>
      <div
        class="styledComponents__FallbackBlockContainer-n9yhwx-0 lkEeUI"
      >
        <svg
          aria-hidden="true"
          class="MuiSvgIcon-root styledComponents__StyledSpinnerIcon-evygym-0 gvlvsG"
          focusable="false"
          style="height: 5rem; width: 5rem;"
          viewBox="0 0 16 16"
        >
          <path
            d="M12.9 3.1c1.3 1.2 2.1 3 2.1 4.9 0 3.9-3.1 7-7 7s-7-3.1-7-7c0-1.9 0.8-3.7 2.1-4.9l-0.8-0.8c-1.4 1.5-2.3 3.5-2.3 5.7 0 4.4 3.6 8 8 8s8-3.6 8-8c0-2.2-0.9-4.2-2.3-5.7l-0.8 0.8z"
            fill="rgb(80, 103, 55)"
          />
        </svg>
      </div>
      <button
        class="MuiButtonBase-root MuiButton-root MuiButton-text styledComponents__StyledButton-n9yhwx-5 dWrZle styledComponents__StyledButton-sc-86ulmm-0 bbadGD"
        tabindex="0"
        type="button"
      >
        <span
          class="MuiButton-label"
        >
          Switch Loan
        </span>
        <span
          class="MuiTouchRipple-root"
        />
      </button>
    </section>
    <section
      class="styledComponents__SidebarSummaryContainer-sc-15x7lk9-3 zJimF"
    >
      <div
        class="styledComponents__SummaryTitleContainer-sc-15x7lk9-5 RZLMv"
      >
        <svg
          aria-hidden="true"
          class="MuiSvgIcon-root"
          focusable="false"
          style="height: 1.2rem; width: 1.2rem;"
          viewBox="0 0 64 64"
        >
          <circle
            cx="32"
            cy="31.964"
            fill="rgb(80, 103, 55)"
            r="21"
          />
        </svg>
        <h3
          class="styledComponents__StyledH5-sc-15x7lk9-4 jyHLSN"
        >
          Loan
        </h3>
      </div>
      <div
        class="styledComponents__RowContainer-sc-12zmidq-0 bSTXkd"
      >
        <div
          class="styledComponents__RowStripe-sc-12zmidq-1 eBpPtD"
        />
      </div>
      <div
        class="styledComponents__RowContainer-sc-12zmidq-0 bSTXkd"
      >
        <div
          class="styledComponents__RowStripe-sc-12zmidq-1 eBpPtD"
        />
      </div>
      <div
        class="styledComponents__RowContainer-sc-12zmidq-0 bSTXkd"
      >
        <div
          class="styledComponents__RowStripe-sc-12zmidq-1 eBpPtD"
        />
      </div>
      <div
        class="styledComponents__RowContainer-sc-12zmidq-0 bSTXkd"
      >
        <div
          class="styledComponents__RowStripe-sc-12zmidq-1 eBpPtD"
        />
      </div>
      <div
        class="styledComponents__RowContainer-sc-12zmidq-0 bSTXkd"
      >
        <div
          class="styledComponents__RowStripe-sc-12zmidq-1 eBpPtD"
        />
      </div>
      <div
        class="styledComponents__RowContainer-sc-12zmidq-0 bSTXkd"
      >
        <div
          class="styledComponents__RowStripe-sc-12zmidq-1 eBpPtD"
        />
      </div>
      <div
        class="styledComponents__RowContainer-sc-12zmidq-0 bSTXkd"
      >
        <div
          class="styledComponents__RowStripe-sc-12zmidq-1 eBpPtD"
        />
      </div>
      <div
        class="styledComponents__RowContainer-sc-12zmidq-0 bSTXkd"
      >
        <div
          class="styledComponents__RowStripe-sc-12zmidq-1 eBpPtD"
        />
      </div>
      <div
        class="styledComponents__RowContainer-sc-12zmidq-0 bSTXkd"
      >
        <div
          class="styledComponents__RowStripe-sc-12zmidq-1 eBpPtD"
        />
      </div>
      <div
        class="styledComponents__RowContainer-sc-12zmidq-0 bSTXkd"
      >
        <div
          class="styledComponents__RowStripe-sc-12zmidq-1 eBpPtD"
        />
      </div>
      <div
        class="styledComponents__RowContainer-sc-12zmidq-0 bSTXkd"
      >
        <div
          class="styledComponents__RowStripe-sc-12zmidq-1 eBpPtD"
        />
      </div>
      <div
        class="styledComponents__RowContainer-sc-12zmidq-0 bSTXkd"
      >
        <div
          class="styledComponents__RowStripe-sc-12zmidq-1 eBpPtD"
        />
      </div>
      <div
        class="styledComponents__RowContainer-sc-12zmidq-0 bSTXkd"
      >
        <div
          class="styledComponents__RowStripe-sc-12zmidq-1 eBpPtD"
        />
      </div>
      <div
        class="styledComponents__RowContainer-sc-12zmidq-0 bSTXkd"
      >
        <div
          class="styledComponents__RowStripe-sc-12zmidq-1 eBpPtD"
        />
      </div>
    </section>
    <section
      class="styledComponents__SidebarSummaryContainer-sc-15x7lk9-3 zJimF"
    >
      <div
        class="styledComponents__SummaryTitleContainer-sc-15x7lk9-5 RZLMv"
      >
        <svg
          aria-hidden="true"
          class="MuiSvgIcon-root"
          focusable="false"
          style="height: 1.2rem; width: 1.2rem;"
          viewBox="0 0 64 64"
        >
          <circle
            cx="32"
            cy="31.964"
            fill="rgb(80, 103, 55)"
            r="21"
          />
        </svg>
        <h3
          class="styledComponents__StyledH5-sc-15x7lk9-4 jyHLSN"
        >
          Payment
        </h3>
      </div>
      <div
        class="styledComponents__RowContainer-sc-12zmidq-0 bSTXkd"
      >
        <div
          class="styledComponents__RowStripe-sc-12zmidq-1 eBpPtD"
        />
      </div>
      <div
        class="styledComponents__RowContainer-sc-12zmidq-0 bSTXkd"
      >
        <div
          class="styledComponents__RowStripe-sc-12zmidq-1 eBpPtD"
        />
      </div>
      <div
        class="styledComponents__RowContainer-sc-12zmidq-0 bSTXkd"
      >
        <div
          class="styledComponents__RowStripe-sc-12zmidq-1 eBpPtD"
        />
      </div>
      <div
        class="styledComponents__RowContainer-sc-12zmidq-0 bSTXkd"
      >
        <div
          class="styledComponents__RowStripe-sc-12zmidq-1 eBpPtD"
        />
      </div>
      <div
        class="styledComponents__RowContainer-sc-12zmidq-0 bSTXkd"
      >
        <div
          class="styledComponents__RowStripe-sc-12zmidq-1 eBpPtD"
        />
      </div>
      <div
        class="styledComponents__RowContainer-sc-12zmidq-0 bSTXkd"
      >
        <div
          class="styledComponents__RowStripe-sc-12zmidq-1 eBpPtD"
        />
      </div>
    </section>
    <section
      class="styledComponents__SidebarSummaryContainer-sc-15x7lk9-3 zJimF"
    >
      <div
        class="styledComponents__SummaryTitleContainer-sc-15x7lk9-5 RZLMv"
      >
        <svg
          aria-hidden="true"
          class="MuiSvgIcon-root"
          focusable="false"
          style="height: 1.2rem; width: 1.2rem;"
          viewBox="0 0 64 64"
        >
          <circle
            cx="32"
            cy="31.964"
            fill="rgb(80, 103, 55)"
            r="21"
          />
        </svg>
        <h3
          class="styledComponents__StyledH5-sc-15x7lk9-4 jyHLSN"
        >
          Calls
        </h3>
      </div>
      <div
        class="styledComponents__RowContainer-sc-12zmidq-0 bSTXkd"
      >
        <div
          class="styledComponents__RowStripe-sc-12zmidq-1 eBpPtD"
        />
      </div>
      <div
        class="styledComponents__RowContainer-sc-12zmidq-0 bSTXkd"
      >
        <div
          class="styledComponents__RowStripe-sc-12zmidq-1 eBpPtD"
        />
      </div>
      <div
        class="styledComponents__RowContainer-sc-12zmidq-0 bSTXkd"
      >
        <div
          class="styledComponents__RowStripe-sc-12zmidq-1 eBpPtD"
        />
      </div>
      <div
        class="styledComponents__RowContainer-sc-12zmidq-0 bSTXkd"
      >
        <div
          class="styledComponents__RowStripe-sc-12zmidq-1 eBpPtD"
        />
      </div>
      <div
        class="styledComponents__RowContainer-sc-12zmidq-0 bSTXkd"
      >
        <div
          class="styledComponents__RowStripe-sc-12zmidq-1 eBpPtD"
        />
      </div>
      <div
        class="styledComponents__RowContainer-sc-12zmidq-0 bSTXkd"
      >
        <div
          class="styledComponents__RowStripe-sc-12zmidq-1 eBpPtD"
        />
      </div>
    </section>
    <section
      class="styledComponents__SidebarSummaryContainer-sc-15x7lk9-3 zJimF"
    >
      <div
        class="styledComponents__SummaryTitleContainer-sc-15x7lk9-5 RZLMv"
      >
        <svg
          aria-hidden="true"
          class="MuiSvgIcon-root"
          focusable="false"
          style="height: 1.2rem; width: 1.2rem;"
          viewBox="0 0 64 64"
        >
          <circle
            cx="32"
            cy="31.964"
            fill="rgb(80, 103, 55)"
            r="21"
          />
        </svg>
        <h3
          class="styledComponents__StyledH5-sc-15x7lk9-4 jyHLSN"
        >
          Service
        </h3>
      </div>
      <div
        class="styledComponents__RowContainer-sc-12zmidq-0 bSTXkd"
      >
        <div
          class="styledComponents__RowStripe-sc-12zmidq-1 eBpPtD"
        />
      </div>
      <div
        class="styledComponents__RowContainer-sc-12zmidq-0 bSTXkd"
      >
        <div
          class="styledComponents__RowStripe-sc-12zmidq-1 eBpPtD"
        />
      </div>
      <div
        class="styledComponents__RowContainer-sc-12zmidq-0 bSTXkd"
      >
        <div
          class="styledComponents__RowStripe-sc-12zmidq-1 eBpPtD"
        />
      </div>
    </section>
  </div>
</aside>
`;
