// Jest Snapshot v1, https://goo.gl/fbAQLP

exports[`<SidebarView /> Should render and match the snapshot 1`] = `
<aside
  class="styledComponents__SidebarContainer-ilr151-1 joXIQJ"
>
  <div
    class="styledComponents__SidebarContentContainer-ilr151-2 mpHlw"
  >
    <div
      class="styledComponents__Gradient-ilr151-0 etoVkp"
    />
    <div
      class="styledComponents__SidebarHeaderContainer-n9yhwx-2 kGJGvg"
    >
      <div
        class="styledComponents__IconWrapper-n9yhwx-0 deJuzd"
      >
        <svg
          aria-hidden="true"
          class="MuiSvgIcon-root"
          focusable="false"
          style="height: 8rem; width: 8rem;"
          viewBox="0 0 64 64"
        >
          <g>
            <path
              d="m3 61a29 29 0 0 1 58 0z"
              fill="#ffa07a"
            />
            <path
              d="m45.544 33.125a46.326 46.326 0 0 1 -4.15 2.568 27.055 27.055 0 0 1 17.533 23.307h-53.854a27.045 27.045 0 0 1 26.927-25 16.555 16.555 0 1 0 -12.512-5.778c2.374-.7 2.322-.755 4.381-1.248a12.483 12.483 0 1 1 8.131 3.026 31.045 31.045 0 0 0 -31 31v2h62v-2a31.03 31.03 0 0 0 -17.456-27.875z"
              fill="#7b68ee"
            />
          </g>
        </svg>
      </div>
      <h1
        class="styledComponents__StyledH1-n9yhwx-4 kotSro"
      >
        loanNumber
      </h1>
      <div
        class="styledComponents__SidebarDetail-n9yhwx-1 kevOMD"
      >
        name
      </div>
      <div
        class="styledComponents__SidebarDetail-n9yhwx-1 kevOMD"
      >
        address1
      </div>
      <div
        class="styledComponents__SidebarDetail-n9yhwx-1 kevOMD"
      >
        address2
      </div>
      <button
        class="MuiButtonBase-root MuiButton-root MuiButton-text styledComponents__StyledButton-n9yhwx-3 bYdeTO styledComponents__StyledButton-sc-86ulmm-0 exBHac"
        tabindex="0"
        type="button"
      >
        <span
          class="MuiButton-label"
        >
          Switch Loan
        </span>
        <span
          class="MuiTouchRipple-root"
        />
      </button>
    </div>
    <div
      class="styledComponents__SidebarSectionPlaceholder-ilr151-3 bAWduo"
      height="31.5rem"
    />
    <div
      class="styledComponents__SidebarSectionPlaceholder-ilr151-3 jOecvx"
      height="14.7rem"
    />
    <div
      class="styledComponents__SidebarSectionPlaceholder-ilr151-3 jOecvx"
      height="14.7rem"
    />
    <div
      class="styledComponents__SidebarSectionPlaceholder-ilr151-3 cHnrML"
      height="10.4rem"
    />
  </div>
</aside>
`;
