// Jest Snapshot v1, https://goo.gl/fbAQLP

exports[`<PaymentsView /> Should render and match the snapshot 1`] = `
<div
  class="styledComponents__TableContainer-fhggrt-7 gRfYPI"
>
  <div
    class="GradientBorder-zuziiu-0 ldijcC"
  />
  <div
    class="GradientBorder-zuziiu-0 crasIP"
  />
  <div
    class="GradientBorder-zuziiu-0 kSpIlI"
  />
  <div
    class="GradientBorder-zuziiu-0 cgqNXZ"
  />
  <table
    class="styledComponents__StyledTable-fhggrt-1 fYoUQb"
  >
    <thead
      class="styledComponents__StyledTableHead-fhggrt-4 styledComponents__PaymentsTableHead-sc-1kvx6rk-1 eiiNCi"
    >
      <tr
        class="styledComponents__StyledTableRow-fhggrt-6 fSdBuc"
      >
        <th
          class="styledComponents__StyledTableHeader-fhggrt-5 bDgOie"
          scope="col"
        >
          <button
            class="MuiButtonBase-root MuiButton-root MuiButton-text styledComponents__StyledButton-sc-1723w1c-0 guxOHO MuiButton-disableElevation"
            tabindex="0"
            type="button"
          >
            <span
              class="MuiButton-label"
            >
              date
              <span
                class="MuiButton-endIcon MuiButton-iconSizeMedium"
              >
                <svg
                  aria-hidden="true"
                  class="MuiSvgIcon-root"
                  focusable="false"
                  style="height: 0.8rem; width: 0.8rem;"
                  viewBox="7 7 10 10"
                >
                  <path
                    d="M0 0h24v24H0z"
                    fill="none"
                  />
                  <path
                    d="M7 10l5 5 5-5z"
                    fill="rgb(136, 136, 136)"
                  />
                </svg>
              </span>
            </span>
          </button>
        </th>
        <th
          class="styledComponents__StyledTableHeader-fhggrt-5 bDgOie"
          scope="col"
        >
          <button
            class="MuiButtonBase-root MuiButton-root MuiButton-text styledComponents__StyledButton-sc-1723w1c-0 guxOHO MuiButton-disableElevation"
            tabindex="0"
            type="button"
          >
            <span
              class="MuiButton-label"
            >
              desc
              <span
                class="MuiButton-endIcon MuiButton-iconSizeMedium"
              >
                <svg
                  aria-hidden="true"
                  class="MuiSvgIcon-root"
                  focusable="false"
                  style="height: 0.8rem; width: 0.8rem;"
                  viewBox="7 7 10 10"
                >
                  <path
                    d="M0 0h24v24H0z"
                    fill="none"
                  />
                  <path
                    d="M7 10l5 5 5-5z"
                    fill="rgb(136, 136, 136)"
                  />
                </svg>
              </span>
            </span>
          </button>
        </th>
        <th
          class="styledComponents__StyledTableHeader-fhggrt-5 bDgOie"
          scope="col"
        >
          <button
            class="MuiButtonBase-root MuiButton-root MuiButton-text styledComponents__StyledButton-sc-1723w1c-0 guxOHO MuiButton-disableElevation"
            tabindex="0"
            type="button"
          >
            <span
              class="MuiButton-label"
            >
              total
              <span
                class="MuiButton-endIcon MuiButton-iconSizeMedium"
              >
                <svg
                  aria-hidden="true"
                  class="MuiSvgIcon-root"
                  focusable="false"
                  style="height: 0.8rem; width: 0.8rem;"
                  viewBox="7 7 10 10"
                >
                  <path
                    d="M0 0h24v24H0z"
                    fill="none"
                  />
                  <path
                    d="M7 10l5 5 5-5z"
                    fill="rgb(136, 136, 136)"
                  />
                </svg>
              </span>
            </span>
          </button>
        </th>
        <th
          class="styledComponents__StyledTableHeader-fhggrt-5 bDgOie"
          scope="col"
        >
          <button
            class="MuiButtonBase-root MuiButton-root MuiButton-text styledComponents__StyledButton-sc-1723w1c-0 guxOHO MuiButton-disableElevation"
            tabindex="0"
            type="button"
          >
            <span
              class="MuiButton-label"
            >
              principal
              <span
                class="MuiButton-endIcon MuiButton-iconSizeMedium"
              >
                <svg
                  aria-hidden="true"
                  class="MuiSvgIcon-root"
                  focusable="false"
                  style="height: 0.8rem; width: 0.8rem;"
                  viewBox="7 7 10 10"
                >
                  <path
                    d="M0 0h24v24H0z"
                    fill="none"
                  />
                  <path
                    d="M7 10l5 5 5-5z"
                    fill="rgb(136, 136, 136)"
                  />
                </svg>
              </span>
            </span>
          </button>
        </th>
        <th
          class="styledComponents__StyledTableHeader-fhggrt-5 bDgOie"
          scope="col"
        >
          <button
            class="MuiButtonBase-root MuiButton-root MuiButton-text styledComponents__StyledButton-sc-1723w1c-0 guxOHO MuiButton-disableElevation"
            tabindex="0"
            type="button"
          >
            <span
              class="MuiButton-label"
            >
              interest
              <span
                class="MuiButton-endIcon MuiButton-iconSizeMedium"
              >
                <svg
                  aria-hidden="true"
                  class="MuiSvgIcon-root"
                  focusable="false"
                  style="height: 0.8rem; width: 0.8rem;"
                  viewBox="7 7 10 10"
                >
                  <path
                    d="M0 0h24v24H0z"
                    fill="none"
                  />
                  <path
                    d="M7 10l5 5 5-5z"
                    fill="rgb(136, 136, 136)"
                  />
                </svg>
              </span>
            </span>
          </button>
        </th>
        <th
          class="styledComponents__StyledTableHeader-fhggrt-5 bDgOie"
          scope="col"
        >
          <button
            class="MuiButtonBase-root MuiButton-root MuiButton-text styledComponents__StyledButton-sc-1723w1c-0 guxOHO MuiButton-disableElevation"
            tabindex="0"
            type="button"
          >
            <span
              class="MuiButton-label"
            >
              escrow
              <span
                class="MuiButton-endIcon MuiButton-iconSizeMedium"
              >
                <svg
                  aria-hidden="true"
                  class="MuiSvgIcon-root"
                  focusable="false"
                  style="height: 0.8rem; width: 0.8rem;"
                  viewBox="7 7 10 10"
                >
                  <path
                    d="M0 0h24v24H0z"
                    fill="none"
                  />
                  <path
                    d="M7 10l5 5 5-5z"
                    fill="rgb(136, 136, 136)"
                  />
                </svg>
              </span>
            </span>
          </button>
        </th>
        <th
          class="styledComponents__StyledTableHeader-fhggrt-5 bDgOie"
          scope="col"
        />
      </tr>
    </thead>
    <tbody
      class="styledComponents__StyledTableBody-fhggrt-2 faBsMU"
    >
      <tr
        class="styledComponents__StyledTableRow-fhggrt-6 fSdBuc"
      >
        <td
          class="styledComponents__StyledTableData-fhggrt-3 ksTgJN"
        >
          date
        </td>
        <td
          class="styledComponents__StyledTableData-fhggrt-3 ksTgJN"
        >
          desc
        </td>
        <td
          class="styledComponents__StyledTableData-fhggrt-3 ksTgJN"
        >
          total
        </td>
        <td
          class="styledComponents__StyledTableData-fhggrt-3 ksTgJN"
        >
          principal
        </td>
        <td
          class="styledComponents__StyledTableData-fhggrt-3 ksTgJN"
        >
          interest
        </td>
        <td
          class="styledComponents__StyledTableData-fhggrt-3 ksTgJN"
        >
          escrow
        </td>
        <td
          class="styledComponents__BaseTableData-sc-1kvx6rk-0 dSjhVg"
        >
          <button
            class="MuiButtonBase-root MuiIconButton-root styledComponents__StyledIconButton-sc-1g4y868-0 ChMWt"
            tabindex="0"
            type="button"
          >
            <span
              class="MuiIconButton-label"
            >
              <svg
                aria-hidden="true"
                class="MuiSvgIcon-root"
                focusable="false"
                style="height: 1.2rem; width: 1.2rem;"
                viewBox="7 7 10 10"
              >
                <path
                  d="M0 0h24v24H0z"
                  fill="none"
                />
                <path
                  d="M7 10l5 5 5-5z"
                  fill="rgb(80, 103, 55)"
                />
              </svg>
            </span>
          </button>
        </td>
      </tr>
    </tbody>
    <thead>
      <tr>
        <td
          class="styledComponents__TableFooterCell-fhggrt-8 gtQmvA"
        >
          hidden text
        </td>
      </tr>
    </thead>
  </table>
</div>
`;
