// Jest Snapshot v1, https://goo.gl/fbAQLP

exports[`<TabNav /> Should render and match the snapshot 1`] = `
<div
  class="styledComponents__TabNavWrapper-ift0se-4 dktHlw"
>
  <div
    class="styledComponents__DashboardButtonWrapper-ift0se-0 bLBlqB"
  >
    <button
      class="MuiButtonBase-root MuiButton-root MuiButton-text styledComponents__StyledButton-ift0se-1 cftdcj"
      id="dashboard-button"
      tabindex="0"
      type="button"
    >
      <span
        class="MuiButton-label"
      >
        Dashboard
      </span>
    </button>
  </div>
  <div
    class="MuiTabs-root styledComponents__StyledTabs-ift0se-3 dEkAci"
  >
    <div
      class="MuiTabs-scroller MuiTabs-fixed"
      style="overflow: hidden;"
    >
      <div
        class="MuiTabs-flexContainer"
        role="tablist"
      >
        <button
          aria-controls="calls-view"
          aria-selected="true"
          class="MuiButtonBase-root MuiTab-root MuiTab-textColorInherit styledComponents__StyledTab-ift0se-2 hiQMrK Mui-selected"
          id="calls-tab"
          role="tab"
          tabindex="0"
          type="button"
        >
          <span
            class="MuiTab-wrapper"
          >
            Calls
          </span>
        </button>
        <button
          aria-controls="documents-view"
          aria-selected="false"
          class="MuiButtonBase-root MuiTab-root MuiTab-textColorInherit styledComponents__StyledTab-ift0se-2 hiQMrK"
          id="documents-tab"
          role="tab"
          tabindex="-1"
          type="button"
        >
          <span
            class="MuiTab-wrapper"
          >
            Documents
          </span>
        </button>
        <button
          aria-controls="payments-view"
          aria-selected="false"
          class="MuiButtonBase-root MuiTab-root MuiTab-textColorInherit styledComponents__StyledTab-ift0se-2 hiQMrK"
          id="payments-tab"
          role="tab"
          tabindex="-1"
          type="button"
        >
          <span
            class="MuiTab-wrapper"
          >
            Payments
          </span>
        </button>
        <button
          aria-controls="misc-view"
          aria-selected="false"
          class="MuiButtonBase-root MuiTab-root MuiTab-textColorInherit styledComponents__StyledTab-ift0se-2 hiQMrK"
          id="misc-tab"
          role="tab"
          tabindex="-1"
          type="button"
        >
          <span
            class="MuiTab-wrapper"
          >
            Misc
          </span>
        </button>
      </div>
      <span
        class="PrivateTabIndicator-root-5 PrivateTabIndicator-colorSecondary-7 MuiTabs-indicator"
        style="left: 0px; width: 0px;"
      />
    </div>
  </div>
</div>
`;
