// Jest Snapshot v1, https://goo.gl/fbAQLP

exports[`<Sidebar /> Should render and match the snapshot 1`] = `
<aside
  class="styledComponents__SidebarWrapper-sc-1es1u17-0 cririz"
>
  <div
    class="styledComponents__SidebarHeaderWrapper-avjjg6-1 lhvoSt"
  >
    <div
      class="styledComponents__IconWrapper-avjjg6-0 fOWgsI"
    >
      <svg
        aria-hidden="true"
        class="MuiSvgIcon-root"
        data-name="construction crenelation building labor sign"
        focusable="false"
        height="512"
        id="construction_crenelation_building_labor_sign"
        style="height: 10rem; width: 10rem;"
        viewBox="0 0 64 64"
        width="512"
        xmlns="http://www.w3.org/2000/svg"
      >
        <path
          d="m31.396 7.5-28.396 48.24v1.76h29 29v-1.76l-28.396-48.24z"
          fill="#4370ff"
        />
        <path
          d="m30 47.5h4v4h-4z"
        />
        <path
          d="m30 24.244h4v19.256h-4z"
        />
        <path
          d="m33.748 5.5h-3.496l-29.252 49.695v4.305h33v-4h-28.538l26.538-45.084 26.538 45.084h-20.538v4h25v-4.305z"
        />
      </svg>
    </div>
    <h1
      class="styledComponents__StyledH1-avjjg6-2 hcHndy"
    >
      Not Found
    </h1>
  </div>
</aside>
`;
