// Jest Snapshot v1, https://goo.gl/fbAQLP

exports[`<CallsView /> Should render and match the snapshot 1`] = `
<div
  class="styledComponents__TableContainer-vlp0pm-7 jqujHF"
>
  <div
    class="GradientBorder-sc-1rv7gqq-0 fQQJcU"
  />
  <div
    class="GradientBorder-sc-1rv7gqq-0 gmyLkZ"
  />
  <div
    class="GradientBorder-sc-1rv7gqq-0 gnegQe"
  />
  <div
    class="GradientBorder-sc-1rv7gqq-0 yNJzF"
  />
  <table
    class="styledComponents__StyledTable-vlp0pm-1 isdduh"
  >
    <thead
      class="styledComponents__StyledTableHead-vlp0pm-4 styledComponents__CustomTableHead-ottpwa-0 fhlJev"
    >
      <tr
        class="styledComponents__StyledTableRow-vlp0pm-6 iITeu"
      >
        <th
          class="styledComponents__StyledTableHeader-vlp0pm-5 cgQTkg"
          scope="col"
        >
          <button
            class="MuiButtonBase-root MuiButton-root MuiButton-text styledComponents__StyledButton-sc-1qurbx9-0 fGeLDD MuiButton-disableElevation"
            tabindex="0"
            type="button"
          >
            <span
              class="MuiButton-label"
            >
              date
              <span
                class="MuiButton-endIcon MuiButton-iconSizeMedium"
              >
                <svg
                  aria-hidden="true"
                  class="MuiSvgIcon-root"
                  focusable="false"
                  style="height: 0.8rem; width: 0.8rem;"
                  viewBox="7 7 10 10"
                >
                  <path
                    d="M0 0h24v24H0z"
                    fill="none"
                  />
                  <path
                    d="M7 10l5 5 5-5z"
                    fill="rgb(136, 136, 136)"
                  />
                </svg>
              </span>
            </span>
          </button>
        </th>
        <th
          class="styledComponents__StyledTableHeader-vlp0pm-5 cgQTkg"
          scope="col"
        >
          time
        </th>
        <th
          class="styledComponents__StyledTableHeader-vlp0pm-5 cgQTkg"
          scope="col"
        >
          <button
            class="MuiButtonBase-root MuiButton-root MuiButton-text styledComponents__StyledButton-sc-1qurbx9-0 fGeLDD MuiButton-disableElevation"
            tabindex="0"
            type="button"
          >
            <span
              class="MuiButton-label"
            >
              dept
              <span
                class="MuiButton-endIcon MuiButton-iconSizeMedium"
              >
                <svg
                  aria-hidden="true"
                  class="MuiSvgIcon-root"
                  focusable="false"
                  style="height: 0.8rem; width: 0.8rem;"
                  viewBox="7 7 10 10"
                >
                  <path
                    d="M0 0h24v24H0z"
                    fill="none"
                  />
                  <path
                    d="M7 10l5 5 5-5z"
                    fill="rgb(136, 136, 136)"
                  />
                </svg>
              </span>
            </span>
          </button>
        </th>
        <th
          class="styledComponents__StyledTableHeader-vlp0pm-5 cgQTkg"
          scope="col"
        >
          desc
        </th>
        <th
          class="styledComponents__StyledTableHeader-vlp0pm-5 cgQTkg"
          scope="col"
        >
          <button
            class="MuiButtonBase-root MuiButton-root MuiButton-text styledComponents__StyledButton-sc-1qurbx9-0 fGeLDD MuiButton-disableElevation"
            tabindex="0"
            type="button"
          >
            <span
              class="MuiButton-label"
            >
              rep
              <span
                class="MuiButton-endIcon MuiButton-iconSizeMedium"
              >
                <svg
                  aria-hidden="true"
                  class="MuiSvgIcon-root"
                  focusable="false"
                  style="height: 0.8rem; width: 0.8rem;"
                  viewBox="7 7 10 10"
                >
                  <path
                    d="M0 0h24v24H0z"
                    fill="none"
                  />
                  <path
                    d="M7 10l5 5 5-5z"
                    fill="rgb(136, 136, 136)"
                  />
                </svg>
              </span>
            </span>
          </button>
        </th>
        <th
          class="styledComponents__StyledTableHeader-vlp0pm-5 cgQTkg"
          scope="col"
        >
          audio
        </th>
      </tr>
    </thead>
    <tbody
      class="styledComponents__StyledTableBody-vlp0pm-2 hzYCgB"
    >
      <tr
        class="styledComponents__StyledTableRow-vlp0pm-6 iITeu"
      >
        <td
          class="styledComponents__StyledTableData-vlp0pm-3 keIbjS"
        >
          date
        </td>
        <td
          class="styledComponents__StyledTableData-vlp0pm-3 keIbjS"
        >
          time
        </td>
        <td
          class="styledComponents__StyledTableData-vlp0pm-3 keIbjS"
        >
          dept
        </td>
        <td
          class="styledComponents__StyledTableData-vlp0pm-3 styledComponents__DescTableData-sc-1papec4-0 gUZPnR"
        >
          desc
        </td>
        <td
          class="styledComponents__StyledTableData-vlp0pm-3 keIbjS"
        >
          rep
        </td>
        <td
          class="styledComponents__StyledTableData-vlp0pm-3 keIbjS"
        >
          <button
            class="MuiButtonBase-root styledComponents__StyledButton-sc-9o47wt-0 fQixWh"
            tabindex="0"
            type="button"
          >
            request
          </button>
        </td>
      </tr>
    </tbody>
    <thead>
      <tr>
        <td
          class="styledComponents__TableFooterCell-vlp0pm-8 dEwaCH"
        >
          hidden text
        </td>
      </tr>
    </thead>
  </table>
</div>
`;
