// Jest Snapshot v1, https://goo.gl/fbAQLP

exports[`<MiscView /> Should render and match the snapshot 1`] = `
<section
  aria-labelledby="misc-tab"
  class="TabWrapper-j2wsfb-0 beIMbY"
  id="misc-view"
>
  <div
    class="styledComponents__MiscViewWrapper-sc-13d5y5h-0 iNVRfw"
  >
    MiscView
  </div>
</section>
`;
