// Jest Snapshot v1, https://goo.gl/fbAQLP

exports[`<MiscView /> Should render and match the snapshot 1`] = `
<section
  aria-labelledby="misc-tab"
  class="TabContainer-sc-1us62xt-0 geMfQv"
  id="misc-view"
>
  <section
    class="styledComponents__CardContainer-sc-1glo3a7-0 cvPeDL"
  >
    <div
      class="styledComponents__Stripe-sc-1glo3a7-1 gnZrrp"
    />
    <div
      class="styledComponents__SummaryTitleContainer-sc-1glo3a7-3 guICBB"
    >
      <h2
        class="styledComponents__StyledH2-sc-1glo3a7-2 cjmroC"
      >
        Escrow
      </h2>
    </div>
    <div>
      yooo
    </div>
    <div
      class="GradientBorder-sc-1rv7gqq-0 dmTzmF"
    />
  </section>
  <section
    class="styledComponents__CardContainer-sc-1glo3a7-0 cvPeDL"
  >
    <div
      class="styledComponents__Stripe-sc-1glo3a7-1 gnZrrp"
    />
    <div
      class="styledComponents__SummaryTitleContainer-sc-1glo3a7-3 guICBB"
    >
      <h2
        class="styledComponents__StyledH2-sc-1glo3a7-2 cjmroC"
      >
        Taxes
      </h2>
    </div>
    <div>
      yooo
    </div>
    <div
      class="GradientBorder-sc-1rv7gqq-0 dmTzmF"
    />
  </section>
  <section
    class="styledComponents__CardContainer-sc-1glo3a7-0 cvPeDL"
  >
    <div
      class="styledComponents__Stripe-sc-1glo3a7-1 gnZrrp"
    />
    <div
      class="styledComponents__SummaryTitleContainer-sc-1glo3a7-3 guICBB"
    >
      <h2
        class="styledComponents__StyledH2-sc-1glo3a7-2 cjmroC"
      >
        Homeowner's/Hazard Insurance
      </h2>
    </div>
    <div>
      yooo
    </div>
    <div
      class="GradientBorder-sc-1rv7gqq-0 dmTzmF"
    />
  </section>
  <section
    class="styledComponents__CardContainer-sc-1glo3a7-0 cvPeDL"
  >
    <div
      class="styledComponents__Stripe-sc-1glo3a7-1 gnZrrp"
    />
    <div
      class="styledComponents__SummaryTitleContainer-sc-1glo3a7-3 guICBB"
    >
      <h2
        class="styledComponents__StyledH2-sc-1glo3a7-2 cjmroC"
      >
        Mortgage Insurance
      </h2>
    </div>
    <div>
      yooo
    </div>
    <div
      class="GradientBorder-sc-1rv7gqq-0 dmTzmF"
    />
  </section>
</section>
`;
