// Jest Snapshot v1, https://goo.gl/fbAQLP

exports[`<Calls /> Should render and match the snapshot 1`] = `
<section
  aria-labelledby="calls-tab"
  class="TabWrapper-j2wsfb-0 beIMbY"
  id="calls-view"
>
  <div
    class="styledComponents__CallsViewWrapper-sc-122lc2r-0 iZhhoy"
  >
    CallsView
  </div>
</section>
`;
