// Jest Snapshot v1, https://goo.gl/fbAQLP

exports[`<EscrowView /> Should render and match the snapshot 1`] = `
<section
  aria-labelledby="escrow-tab"
  class="TabContainer-sc-1us62xt-0 gvWCQW"
  id="escrow-view"
>
  <section
    class="styledComponents__CardContainer-sc-1glo3a7-0 hVJZWB"
  >
    <div
      class="styledComponents__TopStripe-sc-1glo3a7-4 htdszD"
      color="rgb(80, 103, 55)"
    />
    <div
      class="styledComponents__SummaryTitleContainer-sc-1glo3a7-2 fMbEKU"
    >
      <svg
        aria-hidden="true"
        class="MuiSvgIcon-root"
        focusable="false"
        style="height: 1.8rem; width: 1.8rem;"
        viewBox="0 0 64 64"
      >
        <circle
          cx="32"
          cy="31.964"
          fill="rgb(255, 191, 0)"
          r="21"
        />
      </svg>
      <h2
        class="styledComponents__StyledH2-sc-1glo3a7-1 kipGlV"
      >
        Escrow
      </h2>
      <div
        class="styledComponents__ThinStripe-sc-1glo3a7-3 jEBAxK"
      />
    </div>
    <div
      class="styledComponents__ListsContainer-vwc47z-1 gQnTSI"
    >
      <div
        class="styledComponents__StyledTwoColumnList-vwc47z-2 jesBqZ"
      >
        <div
          class="styledComponents__Row-oikso6-2 xZptA"
        >
          <span
            class="styledComponents__Label-oikso6-0 gAQhRb"
          >
            Current Due Date
          </span>
          <span
            class="styledComponents__Value-oikso6-3 eccUXR"
          >
            05/06/2021
          </span>
        </div>
        <div
          class="styledComponents__Row-oikso6-2 xZptA"
        >
          <span
            class="styledComponents__Label-oikso6-0 gAQhRb"
          >
            Current Escrow Payment
          </span>
          <span
            class="styledComponents__Value-oikso6-3 eccUXR"
          >
            $123.45
          </span>
        </div>
        <div
          class="styledComponents__Row-oikso6-2 xZptA"
        >
          <span
            class="styledComponents__Label-oikso6-0 gAQhRb"
          >
            Current Escrow Balance
          </span>
          <span
            class="styledComponents__Value-oikso6-3 eccUXR"
          >
            $876.54
          </span>
        </div>
      </div>
      <div
        class="styledComponents__StyledTwoColumnList-vwc47z-2 jesBqZ"
      >
        <div
          class="styledComponents__Row-oikso6-2 xZptA"
        >
          <span
            class="styledComponents__Label-oikso6-0 gAQhRb"
          >
            Last/Next Escrow Analysis Date
          </span>
          <span
            class="styledComponents__Value-oikso6-3 eccUXR"
          >
            May 2022
          </span>
        </div>
        <div
          class="styledComponents__Row-oikso6-2 xZptA"
        >
          <span
            class="styledComponents__Label-oikso6-0 gAQhRb"
          >
            Effective Due Date
          </span>
          <span
            class="styledComponents__Value-oikso6-3 eccUXR"
          >
            02/20
          </span>
        </div>
        <div
          class="styledComponents__Row-oikso6-2 xZptA"
        >
          <span
            class="styledComponents__Label-oikso6-0 gAQhRb"
          >
            Effective Escrow Payment
          </span>
          <span
            class="styledComponents__Value-oikso6-3 eccUXR"
          >
            $654.32
          </span>
        </div>
      </div>
    </div>
    <div
      class="styledComponents__ChartsSection-vwc47z-0 hKeGca"
    >
      <div
        class="styledComponents__BlockContainer-sc-1b51i62-0 fYurXy"
      >
        <h3
          class="styledComponents__Heading-sc-1b51i62-2 frvBdD"
        >
          Current Escrow Breakdown
        </h3>
        <div
          class="styledComponents__ChartContainer-sc-1b51i62-1 keWEnA"
        >
          <div
            class="VictoryContainer"
            style="height: 100%; width: 100%; pointer-events: none; position: relative;"
          >
            <svg
              height="200"
              role="img"
              style="pointer-events: all; width: 100%; height: 100%;"
              viewBox="0 0 200 200"
              width="200"
            >
              <g>
                <path
                  d="M6.123233995736766e-15,-100A100,100,0,0,1,37.49288378575131,92.70535942127697L15.747011190015549,38.93625095693633A42,42,0,0,0,2.5717582782094417e-15,-42Z"
                  role="presentation"
                  shape-rendering="auto"
                  style="fill: red; padding: 10px; stroke: transparent; stroke-width: 1; opacity: 1;"
                  transform="translate(100, 100)"
                />
                <path
                  d="M37.49288378575131,92.70535942127697A100,100,0,0,1,-90.46747755738136,42.61027463423229L-37.996340574100174,17.89631534637756A42,42,0,0,0,15.747011190015549,38.93625095693633Z"
                  role="presentation"
                  shape-rendering="auto"
                  style="fill: green; padding: 10px; stroke: transparent; stroke-width: 1; opacity: 1;"
                  transform="translate(100, 100)"
                />
                <path
                  d="M-90.46747755738136,42.61027463423229A100,100,0,0,1,-1.8369701987210297e-14,-100L-7.715274834628325e-15,-42A42,42,0,0,0,-37.996340574100174,17.89631534637756Z"
                  role="presentation"
                  shape-rendering="auto"
                  style="fill: blue; padding: 10px; stroke: transparent; stroke-width: 1; opacity: 1;"
                  transform="translate(100, 100)"
                />
                <svg
                  class=""
                  x="175"
                  y="100"
                />
                <svg
                  class=""
                  x="175"
                  y="100"
                />
                <svg
                  class=""
                  x="175"
                  y="100"
                />
              </g>
            </svg>
            <div
              style="z-index: 99; position: absolute; top: 0px; left: 0px; width: 100%; height: 100%;"
            >
              <svg
                height="200"
                style="overflow: visible; width: 100%; height: 100%;"
                viewBox="0 0 200 200"
                width="200"
              />
            </div>
          </div>
        </div>
      </div>
      <div
        class="styledComponents__BlockContainer-sc-1b51i62-0 fYurXy"
      >
        <h3
          class="styledComponents__Heading-sc-1b51i62-2 frvBdD"
        >
          Effective Escrow Breakdown
        </h3>
        <div
          class="styledComponents__ChartContainer-sc-1b51i62-1 keWEnA"
        >
          <div
            class="VictoryContainer"
            style="height: 100%; width: 100%; pointer-events: none; position: relative;"
          >
            <svg
              height="200"
              role="img"
              style="pointer-events: all; width: 100%; height: 100%;"
              viewBox="0 0 200 200"
              width="200"
            >
              <g>
                <path
                  d="M6.123233995736766e-15,-100A100,100,0,0,1,37.49288378575131,92.70535942127697L15.747011190015549,38.93625095693633A42,42,0,0,0,2.5717582782094417e-15,-42Z"
                  role="presentation"
                  shape-rendering="auto"
                  style="fill: red; padding: 10px; stroke: transparent; stroke-width: 1; opacity: 1;"
                  transform="translate(100, 100)"
                />
                <path
                  d="M37.49288378575131,92.70535942127697A100,100,0,0,1,-90.46747755738136,42.61027463423229L-37.996340574100174,17.89631534637756A42,42,0,0,0,15.747011190015549,38.93625095693633Z"
                  role="presentation"
                  shape-rendering="auto"
                  style="fill: green; padding: 10px; stroke: transparent; stroke-width: 1; opacity: 1;"
                  transform="translate(100, 100)"
                />
                <path
                  d="M-90.46747755738136,42.61027463423229A100,100,0,0,1,-1.8369701987210297e-14,-100L-7.715274834628325e-15,-42A42,42,0,0,0,-37.996340574100174,17.89631534637756Z"
                  role="presentation"
                  shape-rendering="auto"
                  style="fill: blue; padding: 10px; stroke: transparent; stroke-width: 1; opacity: 1;"
                  transform="translate(100, 100)"
                />
                <svg
                  class=""
                  x="25"
                  y="100"
                />
                <svg
                  class=""
                  x="25"
                  y="100"
                />
                <svg
                  class=""
                  x="25"
                  y="100"
                />
              </g>
            </svg>
            <div
              style="z-index: 99; position: absolute; top: 0px; left: 0px; width: 100%; height: 100%;"
            >
              <svg
                height="200"
                style="overflow: visible; width: 100%; height: 100%;"
                viewBox="0 0 200 200"
                width="200"
              />
            </div>
          </div>
        </div>
      </div>
    </div>
    <div
      class="GradientBorder-sc-1rv7gqq-0 yNJzF"
    />
  </section>
  <section
    class="styledComponents__CardContainer-sc-1glo3a7-0 hVJZWB"
  >
    <div
      class="styledComponents__TopStripe-sc-1glo3a7-4 kJMcOS"
      color="rgb(255, 191, 0)"
    />
    <div
      class="styledComponents__SummaryTitleContainer-sc-1glo3a7-2 fMbEKU"
    >
      <svg
        aria-hidden="true"
        class="MuiSvgIcon-root"
        focusable="false"
        style="height: 1.8rem; width: 1.8rem;"
        viewBox="0 0 64 64"
      >
        <circle
          cx="32"
          cy="31.964"
          fill="rgb(80, 103, 55)"
          r="21"
        />
      </svg>
      <h2
        class="styledComponents__StyledH2-sc-1glo3a7-1 kipGlV"
      >
        Taxes
      </h2>
      <div
        class="styledComponents__ThinStripe-sc-1glo3a7-3 jEBAxK"
      />
    </div>
    <table
      class="styledComponents__StyledTable-qh5wjg-0 iUJMBY"
    >
      <thead
        class="styledComponents__StyledTableHead-qh5wjg-3 bocbRy"
      >
        <tr
          class="styledComponents__StyledTableRow-qh5wjg-5 styledComponents__TableHeadRow-z9y5qg-0 kOHsGY"
        >
          <th
            class="styledComponents__StyledTableHeader-qh5wjg-4 hbNGRP"
          >
            Tax Type
          </th>
          <th
            class="styledComponents__StyledTableHeader-qh5wjg-4 hbNGRP"
          >
            Paid To
          </th>
          <th
            class="styledComponents__StyledTableHeader-qh5wjg-4 hbNGRP"
          >
            Tax ID
          </th>
          <th
            class="styledComponents__StyledTableHeader-qh5wjg-4 hbNGRP"
          >
            Next Due
          </th>
          <th
            class="styledComponents__StyledTableHeader-qh5wjg-4 hbNGRP"
          >
            Expected Amount
          </th>
        </tr>
      </thead>
      <tbody
        class="styledComponents__StyledTableBody-qh5wjg-1 efBlkm"
      >
        <tr
          class="styledComponents__StyledTableRow-qh5wjg-5 iyUdAf"
        >
          <td
            class="styledComponents__StyledTableData-qh5wjg-2 kWBgSA"
          />
          <td
            class="styledComponents__StyledTableData-qh5wjg-2 kWBgSA"
          />
          <td
            class="styledComponents__StyledTableData-qh5wjg-2 kWBgSA"
          />
          <td
            class="styledComponents__StyledTableData-qh5wjg-2 kWBgSA"
          />
          <td
            class="styledComponents__StyledTableData-qh5wjg-2 kWBgSA"
          />
        </tr>
      </tbody>
    </table>
    <div
      class="GradientBorder-sc-1rv7gqq-0 yNJzF"
    />
  </section>
  <section
    class="styledComponents__CardContainer-sc-1glo3a7-0 hVJZWB"
  >
    <div
      class="styledComponents__TopStripe-sc-1glo3a7-4 kJMcOS"
      color="rgb(255, 191, 0)"
    />
    <div
      class="styledComponents__SummaryTitleContainer-sc-1glo3a7-2 fMbEKU"
    >
      <svg
        aria-hidden="true"
        class="MuiSvgIcon-root"
        focusable="false"
        style="height: 1.8rem; width: 1.8rem;"
        viewBox="0 0 64 64"
      >
        <circle
          cx="32"
          cy="31.964"
          fill="rgb(80, 103, 55)"
          r="21"
        />
      </svg>
      <h2
        class="styledComponents__StyledH2-sc-1glo3a7-1 kipGlV"
      >
        Homeowner's/Hazard Insurance
      </h2>
      <div
        class="styledComponents__ThinStripe-sc-1glo3a7-3 jEBAxK"
      />
    </div>
    <table
      class="styledComponents__StyledTable-qh5wjg-0 iUJMBY"
    >
      <thead
        class="styledComponents__StyledTableHead-qh5wjg-3 bocbRy"
      >
        <tr
          class="styledComponents__StyledTableRow-qh5wjg-5 styledComponents__TableHeadRow-sc-1kf9ny6-0 hGxBGx"
        >
          <th
            class="styledComponents__StyledTableHeader-qh5wjg-4 hbNGRP"
          >
            Insurance Type
          </th>
          <th
            class="styledComponents__StyledTableHeader-qh5wjg-4 hbNGRP"
          >
            Policy Type
          </th>
          <th
            class="styledComponents__StyledTableHeader-qh5wjg-4 hbNGRP"
          >
            Company
          </th>
          <th
            class="styledComponents__StyledTableHeader-qh5wjg-4 hbNGRP"
          >
            Policy Expiration
          </th>
          <th
            class="styledComponents__StyledTableHeader-qh5wjg-4 hbNGRP"
          >
            Annual Premium
          </th>
        </tr>
      </thead>
      <tbody
        class="styledComponents__StyledTableBody-qh5wjg-1 efBlkm"
      >
        <tr
          class="styledComponents__StyledTableRow-qh5wjg-5 iyUdAf"
        >
          <td
            class="styledComponents__StyledTableData-qh5wjg-2 kWBgSA"
          />
          <td
            class="styledComponents__StyledTableData-qh5wjg-2 kWBgSA"
          />
          <td
            class="styledComponents__StyledTableData-qh5wjg-2 kWBgSA"
          />
          <td
            class="styledComponents__StyledTableData-qh5wjg-2 kWBgSA"
          />
          <td
            class="styledComponents__StyledTableData-qh5wjg-2 kWBgSA"
          />
        </tr>
      </tbody>
    </table>
    <div
      class="GradientBorder-sc-1rv7gqq-0 yNJzF"
    />
  </section>
  <section
    class="styledComponents__CardContainer-sc-1glo3a7-0 hVJZWB"
  >
    <div
      class="styledComponents__TopStripe-sc-1glo3a7-4 kJMcOS"
      color="rgb(255, 191, 0)"
    />
    <div
      class="styledComponents__SummaryTitleContainer-sc-1glo3a7-2 fMbEKU"
    >
      <svg
        aria-hidden="true"
        class="MuiSvgIcon-root"
        focusable="false"
        style="height: 1.8rem; width: 1.8rem;"
        viewBox="0 0 64 64"
      >
        <circle
          cx="32"
          cy="31.964"
          fill="rgb(80, 103, 55)"
          r="21"
        />
      </svg>
      <h2
        class="styledComponents__StyledH2-sc-1glo3a7-1 kipGlV"
      >
        Mortgage Insurance
      </h2>
      <div
        class="styledComponents__ThinStripe-sc-1glo3a7-3 jEBAxK"
      />
    </div>
    <table
      class="styledComponents__StyledTable-qh5wjg-0 iUJMBY"
    >
      <thead
        class="styledComponents__StyledTableHead-qh5wjg-3 bocbRy"
      >
        <tr
          class="styledComponents__StyledTableRow-qh5wjg-5 styledComponents__TableHeadRow-veq70c-0 clgIdK"
        >
          <th
            class="styledComponents__StyledTableHeader-qh5wjg-4 hbNGRP"
          >
            Company
          </th>
          <th
            class="styledComponents__StyledTableHeader-qh5wjg-4 hbNGRP"
          >
            Insurance ID
          </th>
          <th
            class="styledComponents__StyledTableHeader-qh5wjg-4 hbNGRP"
          >
            Premium Amount
          </th>
          <th
            class="styledComponents__StyledTableHeader-qh5wjg-4 hbNGRP"
          >
            Premium Due
          </th>
        </tr>
      </thead>
      <tbody
        class="styledComponents__StyledTableBody-qh5wjg-1 efBlkm"
      >
        <tr
          class="styledComponents__StyledTableRow-qh5wjg-5 iyUdAf"
        >
          <td
            class="styledComponents__StyledTableData-qh5wjg-2 kWBgSA"
          />
          <td
            class="styledComponents__StyledTableData-qh5wjg-2 kWBgSA"
          />
          <td
            class="styledComponents__StyledTableData-qh5wjg-2 kWBgSA"
          />
          <td
            class="styledComponents__StyledTableData-qh5wjg-2 kWBgSA"
          />
        </tr>
      </tbody>
    </table>
    <div
      class="GradientBorder-sc-1rv7gqq-0 yNJzF"
    />
  </section>
</section>
`;
